ERC report (2026-09-30T06:42:36, Encoding UTF8)
Report includes: Errors, Warnings, Exclusions

***** Sheet /

***** Sheet /01  USB-C + MCU/
[single_global_label]: Global label only appears once in the schematic
    ; warning
    @(59.69 mm, 54.61 mm): Global Label 'CC1'
[single_global_label]: Global label only appears once in the schematic
    ; warning
    @(59.69 mm, 57.15 mm): Global Label 'CC2'

***** Sheet /02  BATTERY + POWER/
[single_global_label]: Global label only appears once in the schematic
    ; warning
    @(49.53 mm, 219.71 mm): Global Label 'PROG'
[single_global_label]: Global label only appears once in the schematic
    ; warning
    @(144.78 mm, 200.66 mm): Global Label 'LED_CHRG_A'
[single_global_label]: Global label only appears once in the schematic
    ; warning
    @(144.78 mm, 208.28 mm): Global Label 'CHRG_STAT'

***** Sheet /03  DUAL BOOST/
[single_global_label]: Global label only appears once in the schematic
    ; warning
    @(119.38 mm, 78.74 mm): Global Label 'SW_H'
[single_global_label]: Global label only appears once in the schematic
    ; warning
    @(119.38 mm, 86.36 mm): Global Label 'PUMP_H'
[single_global_label]: Global label only appears once in the schematic
    ; warning
    @(120.65 mm, 219.71 mm): Global Label 'SW_C'

***** Sheet /04  DISPLAY + FILTERS/
[single_global_label]: Global label only appears once in the schematic
    ; warning
    @(190.50 mm, 69.85 mm): Global Label 'EPD_SUPPLY'

 ** ERC messages: 9  Errors 0  Warnings 9

 ** Ignored checks:
    - None
