Processing portrait36-c3 (platform: espressif32@7.1.3; board: esp32-c3-devkitm-1; framework: arduino)
--------------------------------------------------------------------------------
Verbose mode can be enabled via `-v, --verbose` option
CONFIGURATION: https://docs.platformio.org/page/boards/espressif32/esp32-c3-devkitm-1.html
PLATFORM: Espressif 32 (7.1.3) > Espressif ESP32-C3-DevKitM-1
HARDWARE: ESP32C3 160MHz, 320KB RAM, 4MB Flash
DEBUG: Current (cmsis-dap) External (cmsis-dap, esp-bridge, esp-builtin, esp-prog, iot-bus-jtag, jlink, minimodule, olimex-arm-usb-ocd, olimex-arm-usb-ocd-h, olimex-arm-usb-tiny-h, olimex-jtag-tiny, tumpa)
PACKAGES: 
 - framework-arduinoespressif32 @ 4.20017.260907+sha.dcc1105b 
 - tool-esptoolpy @ 2.41100.260830 (4.11.0) 
 - toolchain-riscv32-esp @ 8.4.0+2021r2-patch5
LDF: Library Dependency Finder -> https://bit.ly/configure-pio-ldf
LDF Modes: Finder ~ chain, Compatibility ~ soft
Found 33 compatible libraries
Scanning dependencies...
Dependency Graph
|-- SPI @ 2.0.0
|-- WiFi @ 2.0.0
Building in release mode
Retrieving maximum program size /workspace/scratch/200245c5fbc3/toolchain/platformio-build/portrait36-c3/firmware.elf
Checking size /workspace/scratch/200245c5fbc3/toolchain/platformio-build/portrait36-c3/firmware.elf
Advanced Memory Usage is available via "PlatformIO Home > Project Inspect"
RAM:   [=         ]  14.0% (used 45932 bytes from 327680 bytes)
Flash: [======    ]  59.8% (used 784080 bytes from 1310720 bytes)
========================= [SUCCESS] Took 1.26 seconds =========================
